../Core/Src/main.c:134:6:adxl_tx	24	static
../Core/Src/main.c:143:6:adxl_rx	16	static
../Core/Src/main.c:152:6:adxl_init	8	static
../Core/Src/main.c:159:6:adxl_id	40	static
../Core/Src/main.c:171:6:adxl_read	136	static
../Core/Src/main.c:201:5:move	24	static
../Core/Src/main.c:220:5:run_setpoint	16	static
../Core/Src/main.c:225:5:test_servos	112	static
../Core/Src/main.c:337:16:startup_state_handler	8	static
../Core/Src/main.c:351:16:instruction_state_handler	4	static
../Core/Src/main.c:356:16:edit_sequence_state_handler	4	static
../Core/Src/main.c:361:16:run_state_handler	4	static
../Core/Src/main.c:374:5:main	16	static
../Core/Src/main.c:445:6:SystemClock_Config	88	static
../Core/Src/main.c:491:13:MX_SPI3_Init	8	static
../Core/Src/main.c:529:13:MX_TIM2_Init	64	static
../Core/Src/main.c:592:13:MX_USART1_UART_Init	8	static
../Core/Src/main.c:625:13:MX_USART2_UART_Init	8	static
../Core/Src/main.c:658:13:MX_GPIO_Init	48	static
../Core/Src/main.c:708:6:Error_Handler	4	static,ignoring_inline_asm
