../Core/Src/main.c:176:6:HAL_UART_RxCpltCallback	16	static
../Core/Src/main.c:199:6:uart_echo	24	static
../Core/Src/main.c:204:5:strtoint	24	static
../Core/Src/main.c:221:15:parse_instruction	56	static
../Core/Src/main.c:283:6:adxl_tx	24	static
../Core/Src/main.c:292:6:adxl_rx	16	static
../Core/Src/main.c:301:6:adxl_init	8	static
../Core/Src/main.c:308:6:adxl_id	40	static
../Core/Src/main.c:321:6:adxl_read	136	static
../Core/Src/main.c:353:5:move	24	static
../Core/Src/main.c:372:5:run_setpoint	16	static
../Core/Src/main.c:377:5:test_servos	112	static
../Core/Src/main.c:537:16:startup_state_handler	8	static
../Core/Src/main.c:555:16:instruction_wait_state_handler	32	static
../Core/Src/main.c:609:16:edit_sequence_state_handler	4	static
../Core/Src/main.c:614:16:run_state_handler	4	static
../Core/Src/main.c:661:8:SaveStructArrayToFlash	88	static
../Core/Src/main.c:627:5:main	6016	static
../Core/Src/main.c:701:8:LoadStructArrayFromFlash	40	static
../Core/Src/main.c:717:8:add_setpoint	152	static
../Core/Src/main.c:798:6:SystemClock_Config	88	static
../Core/Src/main.c:844:13:MX_SPI3_Init	8	static
../Core/Src/main.c:882:13:MX_TIM2_Init	64	static
../Core/Src/main.c:945:13:MX_USART1_UART_Init	8	static
../Core/Src/main.c:978:13:MX_USART2_UART_Init	8	static
../Core/Src/main.c:1011:13:MX_GPIO_Init	48	static
../Core/Src/main.c:1061:6:Error_Handler	4	static,ignoring_inline_asm
