../Core/Src/main.c:195:6:HAL_UART_RxCpltCallback	16	static
../Core/Src/main.c:218:6:uart_echo	24	static
../Core/Src/main.c:223:5:strtoint	24	static
../Core/Src/main.c:240:15:parse_instruction	56	static
../Core/Src/main.c:302:6:adxl_tx	24	static
../Core/Src/main.c:311:6:adxl_rx	16	static
../Core/Src/main.c:320:6:adxl_init	8	static
../Core/Src/main.c:328:6:adxl_read	24	static
../Core/Src/main.c:350:5:move	24	static
../Core/Src/main.c:369:15:get_setpoint	168	static
../Core/Src/main.c:386:15:add_setpoint	48	static
../Core/Src/main.c:418:15:clear_setpoint	6056	static
../Core/Src/main.c:459:15:get_all_setpoints	160	static
../Core/Src/main.c:497:15:clear_all_setpoints	32	static
../Core/Src/main.c:519:15:run_setpoint	16	static
../Core/Src/main.c:524:15:test_servos	136	static
../Core/Src/main.c:650:15:test_flash	16	static
../Core/Src/main.c:674:16:startup_state_handler	8	static
../Core/Src/main.c:691:16:instruction_wait_state_handler	32	static
../Core/Src/main.c:784:16:run_state_handler	4	static
../Core/Src/main.c:797:5:main	16	static
../Core/Src/main.c:865:6:SystemClock_Config	88	static
../Core/Src/main.c:911:13:MX_SPI3_Init	8	static
../Core/Src/main.c:949:13:MX_TIM2_Init	64	static
../Core/Src/main.c:1012:13:MX_USART1_UART_Init	8	static
../Core/Src/main.c:1045:13:MX_USART2_UART_Init	8	static
../Core/Src/main.c:1078:13:MX_GPIO_Init	48	static
../Core/Src/main.c:1128:6:Error_Handler	4	static,ignoring_inline_asm
