../Core/Src/main.c:111:5:move_servo	40	static
../Core/Src/main.c:135:6:adxl_tx	24	static
../Core/Src/main.c:144:6:adxl_rx	16	static
../Core/Src/main.c:153:6:adxl_init	8	static
../Core/Src/main.c:160:6:adxl_id	40	static
../Core/Src/main.c:172:6:adxl_read	128	static
../Core/Src/main.c:197:8:servo_test	8	static
../Core/Src/main.c:339:14:startup_handler	4	static
../Core/Src/main.c:345:14:waiting_handler	4	static
../Core/Src/main.c:352:14:define_profile_handler	4	static
../Core/Src/main.c:357:14:run_profile_handler	4	static
../Core/Src/main.c:368:5:main	16	static
../Core/Src/main.c:449:6:SystemClock_Config	88	static
../Core/Src/main.c:495:13:MX_SPI3_Init	8	static
../Core/Src/main.c:533:13:MX_TIM2_Init	64	static
../Core/Src/main.c:596:13:MX_USART1_UART_Init	8	static
../Core/Src/main.c:629:13:MX_USART2_UART_Init	8	static
../Core/Src/main.c:662:13:MX_GPIO_Init	48	static
../Core/Src/main.c:712:6:Error_Handler	4	static,ignoring_inline_asm
