../Core/Src/main.c:161:6:HAL_UART_RxCpltCallback	16	static
../Core/Src/main.c:184:6:uart_echo	24	static
../Core/Src/main.c:189:5:strtoint	24	static
../Core/Src/main.c:206:15:parse_instruction	56	static
../Core/Src/main.c:268:6:adxl_tx	24	static
../Core/Src/main.c:277:6:adxl_rx	16	static
../Core/Src/main.c:286:6:adxl_init	8	static
../Core/Src/main.c:293:6:adxl_id	40	static
../Core/Src/main.c:306:6:adxl_read	136	static
../Core/Src/main.c:338:5:move	24	static
../Core/Src/main.c:357:5:run_setpoint	16	static
../Core/Src/main.c:362:5:test_servos	112	static
../Core/Src/main.c:522:16:startup_state_handler	8	static
../Core/Src/main.c:540:16:instruction_wait_state_handler	32	static
../Core/Src/main.c:594:16:edit_sequence_state_handler	4	static
../Core/Src/main.c:599:16:run_state_handler	4	static
../Core/Src/main.c:612:5:main	16	static
../Core/Src/main.c:683:6:SystemClock_Config	88	static
../Core/Src/main.c:729:13:MX_SPI3_Init	8	static
../Core/Src/main.c:767:13:MX_TIM2_Init	64	static
../Core/Src/main.c:830:13:MX_USART1_UART_Init	8	static
../Core/Src/main.c:863:13:MX_USART2_UART_Init	8	static
../Core/Src/main.c:896:13:MX_GPIO_Init	48	static
../Core/Src/main.c:946:6:Error_Handler	4	static,ignoring_inline_asm
