../Core/Src/main.c:176:6:HAL_UART_RxCpltCallback	4
../Core/Src/main.c:199:6:uart_echo	1
../Core/Src/main.c:204:5:strtoint	5
../Core/Src/main.c:221:15:parse_instruction	10
../Core/Src/main.c:283:6:adxl_tx	1
../Core/Src/main.c:292:6:adxl_rx	1
../Core/Src/main.c:301:6:adxl_init	1
../Core/Src/main.c:308:6:adxl_id	1
../Core/Src/main.c:321:6:adxl_read	3
../Core/Src/main.c:353:5:move	1
../Core/Src/main.c:372:5:run_setpoint	1
../Core/Src/main.c:377:5:test_servos	2
../Core/Src/main.c:537:16:startup_state_handler	1
../Core/Src/main.c:555:16:instruction_wait_state_handler	6
../Core/Src/main.c:609:16:edit_sequence_state_handler	1
../Core/Src/main.c:614:16:run_state_handler	1
../Core/Src/main.c:661:8:SaveStructArrayToFlash	2
../Core/Src/main.c:627:5:main	5
../Core/Src/main.c:701:8:LoadStructArrayFromFlash	2
../Core/Src/main.c:717:8:add_setpoint	3
../Core/Src/main.c:798:6:SystemClock_Config	3
../Core/Src/main.c:844:13:MX_SPI3_Init	2
../Core/Src/main.c:882:13:MX_TIM2_Init	7
../Core/Src/main.c:945:13:MX_USART1_UART_Init	2
../Core/Src/main.c:978:13:MX_USART2_UART_Init	2
../Core/Src/main.c:1011:13:MX_GPIO_Init	1
../Core/Src/main.c:1061:6:Error_Handler	1
