../Core/Src/main.c:152:5:strtoint	24	static
../Core/Src/main.c:169:15:parse_instruction	56	static
../Core/Src/main.c:231:6:adxl_tx	24	static
../Core/Src/main.c:240:6:adxl_rx	16	static
../Core/Src/main.c:249:6:adxl_init	8	static
../Core/Src/main.c:256:6:adxl_id	40	static
../Core/Src/main.c:269:6:adxl_read	136	static
../Core/Src/main.c:301:5:move	24	static
../Core/Src/main.c:320:5:run_setpoint	16	static
../Core/Src/main.c:325:5:test_servos	112	static
../Core/Src/main.c:485:16:startup_state_handler	8	static
../Core/Src/main.c:500:16:instruction_wait_state_handler	560	static
../Core/Src/main.c:534:16:edit_sequence_state_handler	4	static
../Core/Src/main.c:539:16:run_state_handler	4	static
../Core/Src/main.c:552:5:main	16	static
../Core/Src/main.c:623:6:SystemClock_Config	88	static
../Core/Src/main.c:669:13:MX_SPI3_Init	8	static
../Core/Src/main.c:707:13:MX_TIM2_Init	64	static
../Core/Src/main.c:770:13:MX_USART1_UART_Init	8	static
../Core/Src/main.c:803:13:MX_USART2_UART_Init	8	static
../Core/Src/main.c:836:13:MX_GPIO_Init	48	static
../Core/Src/main.c:886:6:Error_Handler	4	static,ignoring_inline_asm
