../Core/Src/main.c:108:6:adxl_tx	24	static
../Core/Src/main.c:117:6:adxl_rx	16	static
../Core/Src/main.c:126:6:adxl_init	8	static
../Core/Src/main.c:133:6:adxl_id	40	static
../Core/Src/main.c:145:6:adxl_read	136	static
../Core/Src/main.c:199:8:servo_test	112	static
../Core/Src/main.c:359:14:startup_handler	4	static
../Core/Src/main.c:365:14:waiting_handler	4	static
../Core/Src/main.c:372:14:define_profile_handler	4	static
../Core/Src/main.c:377:14:run_profile_handler	4	static
../Core/Src/main.c:388:5:main	16	static
../Core/Src/main.c:468:6:SystemClock_Config	88	static
../Core/Src/main.c:514:13:MX_SPI3_Init	8	static
../Core/Src/main.c:552:13:MX_TIM2_Init	64	static
../Core/Src/main.c:615:13:MX_USART1_UART_Init	8	static
../Core/Src/main.c:648:13:MX_USART2_UART_Init	8	static
../Core/Src/main.c:681:13:MX_GPIO_Init	48	static
../Core/Src/main.c:731:6:Error_Handler	4	static,ignoring_inline_asm
