../Core/Src/main.c:112:5:move_servo	40	static
../Core/Src/main.c:136:6:adxl_tx	24	static
../Core/Src/main.c:145:6:adxl_rx	16	static
../Core/Src/main.c:154:6:adxl_init	8	static
../Core/Src/main.c:162:6:adxl_id	40	static
../Core/Src/main.c:175:6:adxl_read	128	static
../Core/Src/main.c:197:8:servo_test	8	static
../Core/Src/main.c:323:14:startup_handler	4	static
../Core/Src/main.c:329:14:waiting_handler	4	static
../Core/Src/main.c:336:14:define_profile_handler	4	static
../Core/Src/main.c:341:14:run_profile_handler	4	static
../Core/Src/main.c:352:5:main	16	static
../Core/Src/main.c:434:6:SystemClock_Config	88	static
../Core/Src/main.c:480:13:MX_SPI3_Init	8	static
../Core/Src/main.c:518:13:MX_TIM2_Init	64	static
../Core/Src/main.c:581:13:MX_USART1_UART_Init	8	static
../Core/Src/main.c:614:13:MX_USART2_UART_Init	8	static
../Core/Src/main.c:647:13:MX_GPIO_Init	48	static
../Core/Src/main.c:697:6:Error_Handler	4	static,ignoring_inline_asm
