../Core/Src/main.c:134:6:adxl_tx	24	static
../Core/Src/main.c:143:6:adxl_rx	16	static
../Core/Src/main.c:152:6:adxl_init	8	static
../Core/Src/main.c:159:6:adxl_id	40	static
../Core/Src/main.c:172:6:adxl_read	136	static
../Core/Src/main.c:204:5:move	24	static
../Core/Src/main.c:223:5:run_setpoint	16	static
../Core/Src/main.c:228:5:test_servos	112	static
../Core/Src/main.c:388:16:startup_state_handler	8	static
../Core/Src/main.c:402:16:instruction_state_handler	4	static
../Core/Src/main.c:407:16:edit_sequence_state_handler	4	static
../Core/Src/main.c:412:16:run_state_handler	4	static
../Core/Src/main.c:425:5:main	16	static
../Core/Src/main.c:496:6:SystemClock_Config	88	static
../Core/Src/main.c:542:13:MX_SPI3_Init	8	static
../Core/Src/main.c:580:13:MX_TIM2_Init	64	static
../Core/Src/main.c:643:13:MX_USART1_UART_Init	8	static
../Core/Src/main.c:676:13:MX_USART2_UART_Init	8	static
../Core/Src/main.c:709:13:MX_GPIO_Init	48	static
../Core/Src/main.c:759:6:Error_Handler	4	static,ignoring_inline_asm
