../Core/Src/main.c:108:6:adxl_tx	24	static
../Core/Src/main.c:117:6:adxl_rx	16	static
../Core/Src/main.c:126:6:adxl_init	8	static
../Core/Src/main.c:133:6:adxl_id	40	static
../Core/Src/main.c:145:6:adxl_read	128	static
../Core/Src/main.c:192:8:servo_test	8	static
../Core/Src/main.c:334:14:startup_handler	4	static
../Core/Src/main.c:340:14:waiting_handler	4	static
../Core/Src/main.c:347:14:define_profile_handler	4	static
../Core/Src/main.c:352:14:run_profile_handler	4	static
../Core/Src/main.c:363:5:main	16	static
../Core/Src/main.c:444:6:SystemClock_Config	88	static
../Core/Src/main.c:490:13:MX_SPI3_Init	8	static
../Core/Src/main.c:528:13:MX_TIM2_Init	64	static
../Core/Src/main.c:591:13:MX_USART1_UART_Init	8	static
../Core/Src/main.c:624:13:MX_USART2_UART_Init	8	static
../Core/Src/main.c:657:13:MX_GPIO_Init	48	static
../Core/Src/main.c:707:6:Error_Handler	4	static,ignoring_inline_asm
