../Core/Src/main.c:74:6:adxl_write	24	static
../Core/Src/main.c:84:6:adxl_read	16	static
../Core/Src/main.c:94:6:adxl_init	8	static
../Core/Src/main.c:102:6:check_device_id	40	static
../Core/Src/main.c:116:14:runAcceleromter	128	static
../Core/Src/main.c:146:5:main	8	static
../Core/Src/main.c:205:6:SystemClock_Config	88	static
../Core/Src/main.c:251:13:MX_SPI3_Init	8	static
../Core/Src/main.c:289:13:MX_USART1_UART_Init	8	static
../Core/Src/main.c:322:13:MX_USART2_UART_Init	8	static
../Core/Src/main.c:355:13:MX_GPIO_Init	48	static
../Core/Src/main.c:405:6:Error_Handler	4	static,ignoring_inline_asm
