../Core/Src/main.c:168:6:HAL_UART_RxCpltCallback	16	static
../Core/Src/main.c:191:6:uart_echo	24	static
../Core/Src/main.c:196:5:strtoint	24	static
../Core/Src/main.c:213:15:parse_instruction	56	static
../Core/Src/main.c:277:6:adxl_tx	24	static
../Core/Src/main.c:286:6:adxl_rx	16	static
../Core/Src/main.c:295:6:adxl_init	8	static
../Core/Src/main.c:302:6:adxl_id	40	static
../Core/Src/main.c:315:6:adxl_read	136	static
../Core/Src/main.c:347:5:move	24	static
../Core/Src/main.c:366:5:run_setpoint	16	static
../Core/Src/main.c:371:5:test_servos	112	static
../Core/Src/main.c:531:16:startup_state_handler	8	static
../Core/Src/main.c:549:16:instruction_wait_state_handler	32	static
../Core/Src/main.c:603:16:edit_sequence_state_handler	4	static
../Core/Src/main.c:608:16:run_state_handler	4	static
../Core/Src/main.c:655:8:SaveStructArrayToFlash	88	static
../Core/Src/main.c:621:5:main	6016	static
../Core/Src/main.c:695:8:LoadStructArrayFromFlash	40	static
../Core/Src/main.c:747:6:SystemClock_Config	88	static
../Core/Src/main.c:793:13:MX_SPI3_Init	8	static
../Core/Src/main.c:831:13:MX_TIM2_Init	64	static
../Core/Src/main.c:894:13:MX_USART1_UART_Init	8	static
../Core/Src/main.c:927:13:MX_USART2_UART_Init	8	static
../Core/Src/main.c:960:13:MX_GPIO_Init	48	static
../Core/Src/main.c:1010:6:Error_Handler	4	static,ignoring_inline_asm
