../Core/Src/main.c:176:6:HAL_UART_RxCpltCallback	16	static
../Core/Src/main.c:199:6:uart_echo	24	static
../Core/Src/main.c:204:5:strtoint	24	static
../Core/Src/main.c:221:15:parse_instruction	56	static
../Core/Src/main.c:283:6:adxl_tx	24	static
../Core/Src/main.c:292:6:adxl_rx	16	static
../Core/Src/main.c:301:6:adxl_init	8	static
../Core/Src/main.c:308:6:adxl_id	40	static
../Core/Src/main.c:321:6:adxl_read	136	static
../Core/Src/main.c:354:7:SaveStructArrayToFlash	80	static
../Core/Src/main.c:392:7:LoadStructArrayFromFlash	32	static
../Core/Src/main.c:408:5:move	24	static
../Core/Src/main.c:427:5:run_setpoint	16	static
../Core/Src/main.c:432:5:test_servos	112	static
../Core/Src/main.c:592:16:startup_state_handler	8	static
../Core/Src/main.c:610:16:instruction_wait_state_handler	32	static
../Core/Src/main.c:664:16:edit_sequence_state_handler	4	static
../Core/Src/main.c:669:16:run_state_handler	4	static
../Core/Src/main.c:721:8:add_setpoint	152	static
../Core/Src/main.c:682:5:main	24	static
../Core/Src/main.c:801:8:get_setpoint	136	static
../Core/Src/main.c:878:6:SystemClock_Config	88	static
../Core/Src/main.c:924:13:MX_SPI3_Init	8	static
../Core/Src/main.c:962:13:MX_TIM2_Init	64	static
../Core/Src/main.c:1025:13:MX_USART1_UART_Init	8	static
../Core/Src/main.c:1058:13:MX_USART2_UART_Init	8	static
../Core/Src/main.c:1091:13:MX_GPIO_Init	48	static
../Core/Src/main.c:1141:6:Error_Handler	4	static,ignoring_inline_asm
