../Core/Src/main.c:171:6:HAL_UART_RxCpltCallback	16	static
../Core/Src/main.c:194:6:uart_echo	24	static
../Core/Src/main.c:199:5:strtoint	24	static
../Core/Src/main.c:216:15:parse_instruction	56	static
../Core/Src/main.c:278:6:adxl_tx	24	static
../Core/Src/main.c:287:6:adxl_rx	16	static
../Core/Src/main.c:296:6:adxl_init	8	static
../Core/Src/main.c:304:6:adxl_read	24	static
../Core/Src/main.c:326:5:move	24	static
../Core/Src/main.c:345:15:get_setpoint	168	static
../Core/Src/main.c:362:15:add_setpoint	48	static
../Core/Src/main.c:400:15:get_all_setpoints	160	static
../Core/Src/main.c:438:15:clear_all_setpoints	32	static
../Core/Src/main.c:460:15:run_setpoint	16	static
../Core/Src/main.c:465:15:test_servos	136	static
../Core/Src/main.c:591:15:test_flash	16	static
../Core/Src/main.c:615:16:startup_state_handler	8	static
../Core/Src/main.c:632:16:instruction_wait_state_handler	32	static
../Core/Src/main.c:721:16:edit_sequence_state_handler	4	static
../Core/Src/main.c:726:16:run_state_handler	4	static
../Core/Src/main.c:739:5:main	16	static
../Core/Src/main.c:810:6:SystemClock_Config	88	static
../Core/Src/main.c:856:13:MX_SPI3_Init	8	static
../Core/Src/main.c:894:13:MX_TIM2_Init	64	static
../Core/Src/main.c:957:13:MX_USART1_UART_Init	8	static
../Core/Src/main.c:990:13:MX_USART2_UART_Init	8	static
../Core/Src/main.c:1023:13:MX_GPIO_Init	48	static
../Core/Src/main.c:1073:6:Error_Handler	4	static,ignoring_inline_asm
