../Core/Src/main.c:106:6:instruction_handler	16	static
../Core/Src/main.c:118:5:move_platform	24	static
../Core/Src/main.c:125:5:run_setpoint	16	static
../Core/Src/main.c:129:6:adxl_tx	24	static
../Core/Src/main.c:138:6:adxl_rx	16	static
../Core/Src/main.c:147:6:adxl_init	8	static
../Core/Src/main.c:154:6:adxl_id	40	static
../Core/Src/main.c:166:6:adxl_read	136	static
../Core/Src/main.c:220:8:servo_test	112	static
../Core/Src/main.c:380:16:startup_handler	4	static
../Core/Src/main.c:386:16:waiting_handler	4	static
../Core/Src/main.c:393:16:edit_sequence_handler	4	static
../Core/Src/main.c:398:16:run_setpoint_handler	4	static
../Core/Src/main.c:409:5:main	16	static
../Core/Src/main.c:489:6:SystemClock_Config	88	static
../Core/Src/main.c:535:13:MX_SPI3_Init	8	static
../Core/Src/main.c:573:13:MX_TIM2_Init	64	static
../Core/Src/main.c:636:13:MX_USART1_UART_Init	8	static
../Core/Src/main.c:669:13:MX_USART2_UART_Init	8	static
../Core/Src/main.c:702:13:MX_GPIO_Init	48	static
../Core/Src/main.c:752:6:Error_Handler	4	static,ignoring_inline_asm
