../Core/Src/main.c:108:6:adxl_tx	24	static
../Core/Src/main.c:117:6:adxl_rx	16	static
../Core/Src/main.c:126:6:adxl_init	8	static
../Core/Src/main.c:133:6:adxl_id	40	static
../Core/Src/main.c:145:6:adxl_read	136	static
../Core/Src/main.c:201:8:servo_test	112	static
../Core/Src/main.c:377:14:startup_handler	4	static
../Core/Src/main.c:383:14:waiting_handler	4	static
../Core/Src/main.c:390:14:define_profile_handler	4	static
../Core/Src/main.c:395:14:run_profile_handler	4	static
../Core/Src/main.c:406:5:main	16	static
../Core/Src/main.c:487:6:SystemClock_Config	88	static
../Core/Src/main.c:533:13:MX_SPI3_Init	8	static
../Core/Src/main.c:571:13:MX_TIM2_Init	64	static
../Core/Src/main.c:634:13:MX_USART1_UART_Init	8	static
../Core/Src/main.c:667:13:MX_USART2_UART_Init	8	static
../Core/Src/main.c:700:13:MX_GPIO_Init	48	static
../Core/Src/main.c:750:6:Error_Handler	4	static,ignoring_inline_asm
